ioctltests
tty0 detached 

tty0 connected
Console connected
tty0 disconnected 
tty0 detatched 
ioctl TESTS PASS:
$ echo $?
0
$ cgroupstests
[RUNNING] test_mount_cgroup_fs[DONE] test_mount_cgroup_fs   
[RUNNING] test_creating_cgroups[DONE] test_creating_cgroups   
[RUNNING] test_opening_and_closing_cgroup_files[DONE] test_opening_and_closing_cgroup_files   
[RUNNING] test_reading_cgroup_files
Contents of /cgroup/test1/cgroup.procs: 

Contents of /cgroup/test1/cgroup.controllers: 
cpu
pid
set
mem

Contents of /cgroup/test1/cgroup.subtree_control: 

Contents of /cgroup/test1/cgroup.events: 
populated - 0
frozen - 0

Contents of /cgroup/test1/cgroup.max.descendants: 
64

Contents of /cgroup/test1/cgroup.max.depth: 
64

Contents of /cgroup/test1/cgroup.stat: 
nr_descendants - 0
nr_dying_descendants - 0

Contents of /cgroup/test1/cpu.max: 
max - 4294967295
period - 100000

Contents of /cgroup/test1/cpu.weight: 
weight - 0

Contents of /cgroup/test1/cpu.stat: 
usage_usec - 0
user_usec - 0
system_usec - 0

Contents of /cgroup/test1/pid.max: 
max - 64

Contents of /cgroup/test1/pid.current: 
num_of_procs - 0

Contents of /cgroup/test1/cpuset.cpus: 
use_cpu - 0

Contents of /cgroup/test1/cgroup.freeze: 
0

Contents of /cgroup/test1/memory.current: 
0

Contents of /cgroup/test1/memory.max: 
2147483648

Contents of /cgroup/test1/memory.stat: 
file_dirty - 0
file_dirty_aggregated - 0
pgfault - 0
pgmajfault - 0

[DONE] test_reading_cgroup_files
[RUNNING] test_memory_stat_content_valid[DONE] test_memory_stat_content_valid   
[RUNNING] test_cpu_stat_content_valid[DONE] test_cpu_stat_content_valid   
[RUNNING] test_moving_process[DONE] test_moving_process   
[RUNNING] test_enable_and_disable_all_controllers[DONE] test_enable_and_disable_all_controllers   
[RUNNING] test_limiting_pids[DONE] test_limiting_pids   
[RUNNING] test_move_failure[DONE] test_move_failure   
[RUNNING] test_fork_failure[DONE] test_fork_failure   
[RUNNING] test_cpu_stat[DONE] test_cpu_stat   
[RUNNING] test_pid_current[DONE] test_pid_current   
[RUNNING] test_setting_cpu_id[DONE] test_setting_cpu_id   
[RUNNING] test_correct_cpu_running[DONE] test_correct_cpu_running   
[RUNNING] test_no_run[DONE] test_no_run   
[RUNNING] test_mem_stat[DONE] test_mem_stat   
[RUNNING] test_setting_freeze[DONE] test_setting_freeze   
[RUNNING] test_frozen_not_running[DONE] test_frozen_not_running   
[RUNNING] test_mem_current[DONE] test_mem_current   
[RUNNING] test_correct_mem_account_of_growth_and_shrink[DONE] test_correct_mem_account_of_growth_and_shrink   
[RUNNING] test_limiting_mem[DONE] test_limiting_mem   
[RUNNING] test_cant_move_over_mem_limit[DONE] test_cant_move_over_mem_limit   
[RUNNING] test_cant_fork_over_mem_limit[DONE] test_cant_fork_over_mem_limit   
[RUNNING] test_cant_grow_over_mem_limit[DONE] test_cant_grow_over_mem_limit   
[RUNNING] test_limiting_cpu_max_and_period[DONE] test_limiting_cpu_max_and_period   
[RUNNING] test_setting_max_descendants_and_max_depth[DONE] test_setting_max_descendants_and_max_depth   
[RUNNING] test_deleting_cgroups[DONE] test_deleting_cgroups   
[RUNNING] test_umount_cgroup_fs[DONE] test_umount_cgroup_fs   
[RUNNING] test_kernel_freem_mem
Free Memory Pages:
  counter: 56354
  list:    56354
  errors:  0
[DONE] test_kernel_freem_mem
[    CGROUPTESTS PASSED    ]
$ echo $?
0
$ pidns_tests
Running all pidns tests
zombie!
zombie!
Pidns tests passed successfully
$ echo $?
0
$ mounttest
Running all mounttest
sb: size 80 nblocks 34 ninodes 200 nlog 30 logstart 2 inodestart 32 bmap start 45
sb: size 80 nblocks 34 ninodes 200 nlog 30 logstart 2 inodestart 32 bmap start 45
sb: size 80 nblocks 34 ninodes 200 nlog 30 logstart 2 inodestart 32 bmap start 45
sb: size 80 nblocks 34 ninodes 200 nlog 30 logstart 2 inodestart 32 bmap start 45
sb: size 80 nblocks 34 ninodes 200 nlog 30 logstart 2 inodestart 32 bmap start 45
sb: size 80 nblocks 34 ninodes 200 nlog 30 logstart 2 inodestart 32 bmap start 45
sb: size 80 nblocks 34 ninodes 200 nlog 30 logstart 2 inodestart 32 bmap start 45
sb: size 80 nblocks 34 ninodes 200 nlog 30 logstart 2 inodestart 32 bmap start 45
sb: size 80 nblocks 34 ninodes 200 nlog 30 logstart 2 inodestart 32 bmap start 45
sb: size 80 nblocks 34 ninodes 200 nlog 30 logstart 2 inodestart 32 bmap start 45
sb: size 80 nblocks 34 ninodes 200 nlog 30 logstart 2 inodestart 32 bmap start 45
sb: size 80 nblocks 34 ninodes 200 nlog 30 logstart 2 inodestart 32 bmap start 45
sb: size 80 nblocks 34 ninodes 200 nlog 30 logstart 2 inodestart 32 bmap start 45
sb: size 80 nblocks 34 ninodes 200 nlog 30 logstart 2 inodestart 32 bmap start 45
sb: size 80 nblocks 34 ninodes 200 nlog 30 logstart 2 inodestart 32 bmap start 45
sb: size 80 nblocks 34 ninodes 200 nlog 30 logstart 2 inodestart 32 bmap start 45
sb: size 80 nblocks 34 ninodes 200 nlog 30 logstart 2 inodestart 32 bmap start 45
sb: size 80 nblocks 34 ninodes 200 nlog 30 logstart 2 inodestart 32 bmap start 45
mounttest tests passed successfully
$ echo $?
0
$ mkdir test_dir_mount_test
$ echo $?
0
$ mount internal_fs_a test_dir_mount_test
Printing mounts:
1: Mount 80189fb4 attached to 0, child of 0, with ref 5
Printing devices:
sb: size 80 nblocks 34 ninodes 200 nlog 30 logstart 2 inodestart 32 bmap start 45
$ echo $?
0
$ ls test_dir_mount_test
.              1 1 1024
..             1 1 1024
test1          2 2 3
ttt            1 3 48
b              1 5 32
devicefilestor 2 6 6
umountwithop   2 7 0
$ echo $?
0
$ umount test_dir_mount_test
$ echo $?
0
$ rm test_dir_mount_test
$ echo $?
0
$ objfstests
objfstests starting
Printing mounts:
1: Mount 80189fb4 attached to 0, child of 0, with ref 5
Printing devices:
createdelete test
createdelete ok
linkunlink test
linkunlink ok
concreate test
concreate ok
fourfiles test
fourfiles ok
sharedfd test
sharedfd ok
open test
open test ok
small file test
create small succeeded; ok
writes ok
open small succeeded ok
read succeeded ok
small file test ok
big files test
big files ok
many creates, followed by unlink test
many creates, followed by unlink; ok
iput test
iput test ok
pipe1 test
pipe1 after fork test
pipe1 after fork test
pipe1 pid == 0 test
pipe1 pid > 0 test
pipe1 oops 1.5
pipe1 ok
rmdot test
rmdot ok
fourteen test
fourteen ok
bigfile test
bigfile test ok
subdir test
subdir ok
linktest
linktest ok
unlinkread test
unlinkread ok
dir vs file
dir vs file OK
empty file name
empty file name OK
exec test
ALL OBJFSTESTS PASSED
$ echo $?
0
$ usertests
usertests starting
printftest starting
hello world!?#~$&*()-=+\][{}|/
check integer 53 number
check pointer address EF94
check hexa number 0x35
check double percent %
unknown type %z
string is null test (null)
printftest passed
arg test passed
createdelete test
createdelete ok
linkunlink test
linkunlink ok
concreate test
concreate ok
fourfiles test
fourfiles ok
sharedfd test
sharedfd ok
bigarg test
bigarg test ok
bigwrite test
bigwrite ok
bigarg test
bigarg test ok
bss test
bss test ok
sbrk test
pid 187 usertests: trap 14 err 5 on cpu 1 eip 0x34f0 addr 0x80000000--kill proc
pid 188 usertests: trap 14 err 5 on cpu 1 eip 0x34f0 addr 0x8000c350--kill proc
pid 189 usertests: trap 14 err 5 on cpu 1 eip 0x34f0 addr 0x800186a0--kill proc
pid 190 usertests: trap 14 err 5 on cpu 1 eip 0x34f0 addr 0x800249f0--kill proc
pid 191 usertests: trap 14 err 5 on cpu 1 eip 0x34f0 addr 0x80030d40--kill proc
pid 192 usertests: trap 14 err 5 on cpu 1 eip 0x34f0 addr 0x8003d090--kill proc
pid 193 usertests: trap 14 err 5 on cpu 1 eip 0x34f0 addr 0x800493e0--kill proc
pid 194 usertests: trap 14 err 5 on cpu 1 eip 0x34f0 addr 0x80055730--kill proc
pid 195 usertests: trap 14 err 5 on cpu 1 eip 0x34f0 addr 0x80061a80--kill proc
pid 196 usertests: trap 14 err 5 on cpu 1 eip 0x34f0 addr 0x8006ddd0--kill proc
pid 197 usertests: trap 14 err 5 on cpu 1 eip 0x34f0 addr 0x8007a120--kill proc
pid 198 usertests: trap 14 err 5 on cpu 1 eip 0x34f0 addr 0x80086470--kill proc
pid 199 usertests: trap 14 err 5 on cpu 1 eip 0x34f0 addr 0x800927c0--kill proc
pid 200 usertests: trap 14 err 5 on cpu 1 eip 0x34f0 addr 0x8009eb10--kill proc
pid 201 usertests: trap 14 err 5 on cpu 1 eip 0x34f0 addr 0x800aae60--kill proc
pid 202 usertests: trap 14 err 5 on cpu 1 eip 0x34f0 addr 0x800b71b0--kill proc
pid 203 usertests: trap 14 err 5 on cpu 1 eip 0x34f0 addr 0x800c3500--kill proc
pid 204 usertests: trap 14 err 5 on cpu 1 eip 0x34f0 addr 0x800cf850--kill proc
pid 205 usertests: trap 14 err 5 on cpu 1 eip 0x34f0 addr 0x800dbba0--kill proc
pid 206 usertests: trap 14 err 5 on cpu 1 eip 0x34f0 addr 0x800e7ef0--kill proc
pid 207 usertests: trap 14 err 5 on cpu 1 eip 0x34f0 addr 0x800f4240--kill proc
pid 208 usertests: trap 14 err 5 on cpu 1 eip 0x34f0 addr 0x80100590--kill proc
pid 209 usertests: trap 14 err 5 on cpu 1 eip 0x34f0 addr 0x8010c8e0--kill proc
pid 210 usertests: trap 14 err 5 on cpu 1 eip 0x34f0 addr 0x80118c30--kill proc
pid 211 usertests: trap 14 err 5 on cpu 1 eip 0x34f0 addr 0x80124f80--kill proc
pid 212 usertests: trap 14 err 5 on cpu 1 eip 0x34f0 addr 0x801312d0--kill proc
pid 213 usertests: trap 14 err 5 on cpu 1 eip 0x34f0 addr 0x8013d620--kill proc
pid 214 usertests: trap 14 err 5 on cpu 1 eip 0x34f0 addr 0x80149970--kill proc
pid 215 usertests: trap 14 err 5 on cpu 1 eip 0x34f0 addr 0x80155cc0--kill proc
pid 216 usertests: trap 14 err 5 on cpu 1 eip 0x34f0 addr 0x80162010--kill proc
pid 217 usertests: trap 14 err 5 on cpu 1 eip 0x34f0 addr 0x8016e360--kill proc
pid 218 usertests: trap 14 err 5 on cpu 1 eip 0x34f0 addr 0x8017a6b0--kill proc
pid 219 usertests: trap 14 err 5 on cpu 1 eip 0x34f0 addr 0x80186a00--kill proc
pid 220 usertests: trap 14 err 5 on cpu 1 eip 0x34f0 addr 0x80192d50--kill proc
pid 221 usertests: trap 14 err 5 on cpu 1 eip 0x34f0 addr 0x8019f0a0--kill proc
pid 222 usertests: trap 14 err 5 on cpu 1 eip 0x34f0 addr 0x801ab3f0--kill proc
pid 223 usertests: trap 14 err 5 on cpu 1 eip 0x34f0 addr 0x801b7740--kill proc
pid 224 usertests: trap 14 err 5 on cpu 1 eip 0x34f0 addr 0x801c3a90--kill proc
pid 225 usertests: trap 14 err 5 on cpu 1 eip 0x34f0 addr 0x801cfde0--kill proc
pid 226 usertests: trap 14 err 5 on cpu 1 eip 0x34f0 addr 0x801dc130--kill proc
allocuvm out of memory
allocuvm out of memory
allocuvm out of memory
allocuvm out of memory
allocuvm out of memory
allocuvm out of memory
allocuvm out of memory
allocuvm out of memory
sbrk test OK
validate test
validate ok
open test
open test ok
small file test
creat small succeeded; ok
writes ok
open small succeeded ok
read succeeded ok
small file test ok
big files test
big files ok
many creates, followed by unlink test
many creates, followed by unlink; ok
openiput test
openiput test ok
exitiput test
exitiput test ok
iput test
iput test ok
mem test
allocuvm out of memory
mem ok
pipe1 ok
preempt: kill... wait... preempt ok
exitwait ok
rmdot test
rmdot ok
fourteen test
fourteen ok
bigfile test
bigfile test ok
subdir test
subdir ok
linktest
linktest ok
unlinkread test
unlinkread ok
dir vs file
dir vs file OK
empty file name
empty file name OK
fork test
fork test OK
bigdir test
bigdir ok
Free Memory Pages:
  counter: 52276
  list:    52276
  errors:  0
memtest: memory ok
uio test
pid 681 usertests: trap 13 err 0 on cpu 1 eip 0x3adb addr 0x801dc130--kill proc
uio test done
exitrctest ok
exec test
ALL TESTS PASSED
$ echo $?
0
$ 